src/gl/gl.service.spec.ts(378,10): error TS2769: No overload matches this call.
  Overload 1 of 2, '(value: { entryNumber: string | SQL<unknown> | Placeholder<string, any>; entryDate: string | SQL<unknown> | Placeholder<string, any>; sourceType: string | SQL<...> | Placeholder<...>; ... 6 more ...; journalEntryId?: string | ... 2 more ... | undefined; }): PgInsertBase<...>', gave the following error.
    Type 'Date' is not assignable to type 'string | SQL<unknown> | Placeholder<string, any>'.
  Overload 2 of 2, '(values: { entryNumber: string | SQL<unknown> | Placeholder<string, any>; entryDate: string | SQL<unknown> | Placeholder<string, any>; sourceType: string | SQL<...> | Placeholder<...>; ... 6 more ...; journalEntryId?: string | ... 2 more ... | undefined; }[]): PgInsertBase<...>', gave the following error.
    Object literal may only specify known properties, and 'entryNumber' does not exist in type '{ entryNumber: string | SQL<unknown> | Placeholder<string, any>; entryDate: string | SQL<unknown> | Placeholder<string, any>; sourceType: string | SQL<...> | Placeholder<...>; ... 6 more ...; journalEntryId?: string | ... 2 more ... | undefined; }[]'.
src/invoices/purchase-invoice.service.spec.ts(123,48): error TS2769: No overload matches this call.
  Overload 1 of 2, '(value: { taxCategoryId: string | SQL<unknown> | Placeholder<string, any>; lineNumber: number | SQL<unknown> | Placeholder<string, any>; quantity: string | SQL<...> | Placeholder<...>; ... 10 more ...; quantityReceived?: string | ... 3 more ... | undefined; }): PgInsertBase<...>', gave the following error.
    Argument of type '{ purchaseOrderLineId: string; purchaseOrderId: string; lineNumber: number; productId: string; quantity: string; quantityReceived: string; pricePerUnit: string; tax: string; amount: string; }' is not assignable to parameter of type '{ taxCategoryId: string | SQL<unknown> | Placeholder<string, any>; lineNumber: number | SQL<unknown> | Placeholder<string, any>; quantity: string | SQL<...> | Placeholder<...>; ... 10 more ...; quantityReceived?: string | ... 3 more ... | undefined; }'.
      Property 'taxCategoryId' is missing in type '{ purchaseOrderLineId: string; purchaseOrderId: string; lineNumber: number; productId: string; quantity: string; quantityReceived: string; pricePerUnit: string; tax: string; amount: string; }' but required in type '{ taxCategoryId: string | SQL<unknown> | Placeholder<string, any>; lineNumber: number | SQL<unknown> | Placeholder<string, any>; quantity: string | SQL<...> | Placeholder<...>; ... 10 more ...; quantityReceived?: string | ... 3 more ... | undefined; }'.
  Overload 2 of 2, '(values: { taxCategoryId: string | SQL<unknown> | Placeholder<string, any>; lineNumber: number | SQL<unknown> | Placeholder<string, any>; quantity: string | SQL<...> | Placeholder<...>; ... 10 more ...; quantityReceived?: string | ... 3 more ... | undefined; }[]): PgInsertBase<...>', gave the following error.
    Object literal may only specify known properties, and 'purchaseOrderLineId' does not exist in type '{ taxCategoryId: string | SQL<unknown> | Placeholder<string, any>; lineNumber: number | SQL<unknown> | Placeholder<string, any>; quantity: string | SQL<...> | Placeholder<...>; ... 10 more ...; quantityReceived?: string | ... 3 more ... | undefined; }[]'.
src/locations/locations.service.spec.ts(128,46): error TS2345: Argument of type '{ zoneId: string; binNumber: string; binType: string; }' is not assignable to parameter of type 'CreateBinDto'.
  Types of property 'binType' are incompatible.
    Type 'string' is not assignable to type '"storage" | "pick" | "bulk" | "receiving" | "staging" | "quarantine" | "in_transit" | undefined'.
src/orders/orders-write.service.spec.ts(210,49): error TS2345: Argument of type 'DrizzleDB' is not assignable to parameter of type 'PgliteDatabase<any>'.
  The types of 'with(...).update(...).set(...)._.queryResult.type' are incompatible between these types.
    Type 'Row[] & Iterable<Row> & ResultQueryMeta<number, string | number>' is missing the following properties from type 'Results<{ [key: string]: any; }>': rows, fields
src/orders/orders-write.service.spec.ts(217,47): error TS2345: Argument of type 'DrizzleDB' is not assignable to parameter of type 'PgliteDatabase<any>'.
  The types of 'with(...).update(...).set(...)._.queryResult.type' are incompatible between these types.
    Type 'Row[] & Iterable<Row> & ResultQueryMeta<number, string | number>' is missing the following properties from type 'Results<{ [key: string]: any; }>': rows, fields
src/orders/orders-write.service.spec.ts(418,49): error TS2345: Argument of type 'DrizzleDB' is not assignable to parameter of type 'PgliteDatabase<any>'.
  The types of 'with(...).update(...).set(...)._.queryResult.type' are incompatible between these types.
    Type 'Row[] & Iterable<Row> & ResultQueryMeta<number, string | number>' is missing the following properties from type 'Results<{ [key: string]: any; }>': rows, fields
src/orders/orders-write.service.spec.ts(419,48): error TS2345: Argument of type 'DrizzleDB' is not assignable to parameter of type 'PgliteDatabase<any>'.
  The types of 'with(...).update(...).set(...)._.queryResult.type' are incompatible between these types.
    Type 'Row[] & Iterable<Row> & ResultQueryMeta<number, string | number>' is missing the following properties from type 'Results<{ [key: string]: any; }>': rows, fields
src/orders/orders-write.service.spec.ts(480,49): error TS2345: Argument of type 'DrizzleDB' is not assignable to parameter of type 'PgliteDatabase<any>'.
  The types of 'with(...).update(...).set(...)._.queryResult.type' are incompatible between these types.
    Type 'Row[] & Iterable<Row> & ResultQueryMeta<number, string | number>' is missing the following properties from type 'Results<{ [key: string]: any; }>': rows, fields
src/orders/orders-write.service.spec.ts(481,48): error TS2345: Argument of type 'DrizzleDB' is not assignable to parameter of type 'PgliteDatabase<any>'.
  The types of 'with(...).update(...).set(...)._.queryResult.type' are incompatible between these types.
    Type 'Row[] & Iterable<Row> & ResultQueryMeta<number, string | number>' is missing the following properties from type 'Results<{ [key: string]: any; }>': rows, fields
src/orders/orders-write.service.spec.ts(601,49): error TS2345: Argument of type 'DrizzleDB' is not assignable to parameter of type 'PgliteDatabase<any>'.
  The types of 'with(...).update(...).set(...)._.queryResult.type' are incompatible between these types.
    Type 'Row[] & Iterable<Row> & ResultQueryMeta<number, string | number>' is missing the following properties from type 'Results<{ [key: string]: any; }>': rows, fields
src/orders/orders-write.service.spec.ts(602,47): error TS2345: Argument of type 'DrizzleDB' is not assignable to parameter of type 'PgliteDatabase<any>'.
  The types of 'with(...).update(...).set(...)._.queryResult.type' are incompatible between these types.
    Type 'Row[] & Iterable<Row> & ResultQueryMeta<number, string | number>' is missing the following properties from type 'Results<{ [key: string]: any; }>': rows, fields
src/orders/orders-write.service.spec.ts(603,48): error TS2345: Argument of type 'DrizzleDB' is not assignable to parameter of type 'PgliteDatabase<any>'.
  The types of 'with(...).update(...).set(...)._.queryResult.type' are incompatible between these types.
    Type 'Row[] & Iterable<Row> & ResultQueryMeta<number, string | number>' is missing the following properties from type 'Results<{ [key: string]: any; }>': rows, fields
src/orders/orders-write.service.spec.ts(610,54): error TS2345: Argument of type 'DrizzleDB' is not assignable to parameter of type 'PgliteDatabase<any>'.
  The types of 'with(...).update(...).set(...)._.queryResult.type' are incompatible between these types.
    Type 'Row[] & Iterable<Row> & ResultQueryMeta<number, string | number>' is missing the following properties from type 'Results<{ [key: string]: any; }>': rows, fields
src/orders/orders-write.service.spec.ts(734,51): error TS2345: Argument of type 'DrizzleDB' is not assignable to parameter of type 'PgliteDatabase<any>'.
  The types of 'with(...).update(...).set(...)._.queryResult.type' are incompatible between these types.
    Type 'Row[] & Iterable<Row> & ResultQueryMeta<number, string | number>' is missing the following properties from type 'Results<{ [key: string]: any; }>': rows, fields
src/orders/orders-write.service.spec.ts(767,49): error TS2345: Argument of type 'DrizzleDB' is not assignable to parameter of type 'PgliteDatabase<any>'.
  The types of 'with(...).update(...).set(...)._.queryResult.type' are incompatible between these types.
    Type 'Row[] & Iterable<Row> & ResultQueryMeta<number, string | number>' is missing the following properties from type 'Results<{ [key: string]: any; }>': rows, fields
src/orders/orders-write.service.spec.ts(768,47): error TS2345: Argument of type 'DrizzleDB' is not assignable to parameter of type 'PgliteDatabase<any>'.
  The types of 'with(...).update(...).set(...)._.queryResult.type' are incompatible between these types.
    Type 'Row[] & Iterable<Row> & ResultQueryMeta<number, string | number>' is missing the following properties from type 'Results<{ [key: string]: any; }>': rows, fields
src/orders/orders-write.service.spec.ts(769,48): error TS2345: Argument of type 'DrizzleDB' is not assignable to parameter of type 'PgliteDatabase<any>'.
  The types of 'with(...).update(...).set(...)._.queryResult.type' are incompatible between these types.
    Type 'Row[] & Iterable<Row> & ResultQueryMeta<number, string | number>' is missing the following properties from type 'Results<{ [key: string]: any; }>': rows, fields
src/orders/orders-write.service.spec.ts(874,49): error TS2345: Argument of type 'DrizzleDB' is not assignable to parameter of type 'PgliteDatabase<any>'.
  The types of 'with(...).update(...).set(...)._.queryResult.type' are incompatible between these types.
    Type 'Row[] & Iterable<Row> & ResultQueryMeta<number, string | number>' is missing the following properties from type 'Results<{ [key: string]: any; }>': rows, fields
src/orders/orders-write.service.spec.ts(875,47): error TS2345: Argument of type 'DrizzleDB' is not assignable to parameter of type 'PgliteDatabase<any>'.
  The types of 'with(...).update(...).set(...)._.queryResult.type' are incompatible between these types.
    Type 'Row[] & Iterable<Row> & ResultQueryMeta<number, string | number>' is missing the following properties from type 'Results<{ [key: string]: any; }>': rows, fields
src/orders/orders-write.service.spec.ts(876,48): error TS2345: Argument of type 'DrizzleDB' is not assignable to parameter of type 'PgliteDatabase<any>'.
  The types of 'with(...).update(...).set(...)._.queryResult.type' are incompatible between these types.
    Type 'Row[] & Iterable<Row> & ResultQueryMeta<number, string | number>' is missing the following properties from type 'Results<{ [key: string]: any; }>': rows, fields
src/orders/orders-write.service.spec.ts(959,49): error TS2345: Argument of type 'DrizzleDB' is not assignable to parameter of type 'PgliteDatabase<any>'.
  The types of 'with(...).update(...).set(...)._.queryResult.type' are incompatible between these types.
    Type 'Row[] & Iterable<Row> & ResultQueryMeta<number, string | number>' is missing the following properties from type 'Results<{ [key: string]: any; }>': rows, fields
src/orders/orders-write.service.spec.ts(960,47): error TS2345: Argument of type 'DrizzleDB' is not assignable to parameter of type 'PgliteDatabase<any>'.
  The types of 'with(...).update(...).set(...)._.queryResult.type' are incompatible between these types.
    Type 'Row[] & Iterable<Row> & ResultQueryMeta<number, string | number>' is missing the following properties from type 'Results<{ [key: string]: any; }>': rows, fields
src/orders/orders-write.service.spec.ts(961,48): error TS2345: Argument of type 'DrizzleDB' is not assignable to parameter of type 'PgliteDatabase<any>'.
  The types of 'with(...).update(...).set(...)._.queryResult.type' are incompatible between these types.
    Type 'Row[] & Iterable<Row> & ResultQueryMeta<number, string | number>' is missing the following properties from type 'Results<{ [key: string]: any; }>': rows, fields
src/orders/orders-write.service.spec.ts(1003,49): error TS2345: Argument of type 'DrizzleDB' is not assignable to parameter of type 'PgliteDatabase<any>'.
  The types of 'with(...).update(...).set(...)._.queryResult.type' are incompatible between these types.
    Type 'Row[] & Iterable<Row> & ResultQueryMeta<number, string | number>' is missing the following properties from type 'Results<{ [key: string]: any; }>': rows, fields
src/orders/orders-write.service.spec.ts(1004,48): error TS2345: Argument of type 'DrizzleDB' is not assignable to parameter of type 'PgliteDatabase<any>'.
  The types of 'with(...).update(...).set(...)._.queryResult.type' are incompatible between these types.
    Type 'Row[] & Iterable<Row> & ResultQueryMeta<number, string | number>' is missing the following properties from type 'Results<{ [key: string]: any; }>': rows, fields
src/orders/orders-write.service.spec.ts(1021,49): error TS2345: Argument of type 'DrizzleDB' is not assignable to parameter of type 'PgliteDatabase<any>'.
  The types of 'with(...).update(...).set(...)._.queryResult.type' are incompatible between these types.
    Type 'Row[] & Iterable<Row> & ResultQueryMeta<number, string | number>' is missing the following properties from type 'Results<{ [key: string]: any; }>': rows, fields
src/orders/orders-write.service.spec.ts(1022,47): error TS2345: Argument of type 'DrizzleDB' is not assignable to parameter of type 'PgliteDatabase<any>'.
  The types of 'with(...).update(...).set(...)._.queryResult.type' are incompatible between these types.
    Type 'Row[] & Iterable<Row> & ResultQueryMeta<number, string | number>' is missing the following properties from type 'Results<{ [key: string]: any; }>': rows, fields
src/orders/orders-write.service.spec.ts(1024,49): error TS2345: Argument of type 'DrizzleDB' is not assignable to parameter of type 'PgliteDatabase<any>'.
  The types of 'with(...).update(...).set(...)._.queryResult.type' are incompatible between these types.
    Type 'Row[] & Iterable<Row> & ResultQueryMeta<number, string | number>' is missing the following properties from type 'Results<{ [key: string]: any; }>': rows, fields
src/orders/orders-write.service.spec.ts(1028,49): error TS2345: Argument of type 'DrizzleDB' is not assignable to parameter of type 'PgliteDatabase<any>'.
  The types of 'with(...).update(...).set(...)._.queryResult.type' are incompatible between these types.
    Type 'Row[] & Iterable<Row> & ResultQueryMeta<number, string | number>' is missing the following properties from type 'Results<{ [key: string]: any; }>': rows, fields
src/orders/returns-write.service.spec.ts(172,45): error TS2345: Argument of type 'DrizzleDB' is not assignable to parameter of type 'PgliteDatabase<any>'.
  The types of 'with(...).update(...).set(...)._.queryResult.type' are incompatible between these types.
    Type 'Row[] & Iterable<Row> & ResultQueryMeta<number, string | number>' is missing the following properties from type 'Results<{ [key: string]: any; }>': rows, fields
src/orders/returns-write.service.spec.ts(175,44): error TS2345: Argument of type 'DrizzleDB' is not assignable to parameter of type 'PgliteDatabase<any>'.
  The types of 'with(...).update(...).set(...)._.queryResult.type' are incompatible between these types.
    Type 'Row[] & Iterable<Row> & ResultQueryMeta<number, string | number>' is missing the following properties from type 'Results<{ [key: string]: any; }>': rows, fields
src/orders/returns-write.service.spec.ts(180,10): error TS2769: No overload matches this call.
  Overload 1 of 2, '(value: { name: string | SQL<unknown> | Placeholder<string, any>; code: string | SQL<unknown> | Placeholder<string, any>; createdOn?: SQL<unknown> | Date | Placeholder<...> | null | undefined; ... 9 more ...; postCode?: string | ... 3 more ... | undefined; }): PgInsertBase<...>', gave the following error.
    Object literal may only specify known properties, and 'type' does not exist in type '{ name: string | SQL<unknown> | Placeholder<string, any>; code: string | SQL<unknown> | Placeholder<string, any>; createdOn?: SQL<unknown> | Date | Placeholder<...> | null | undefined; ... 9 more ...; postCode?: string | ... 3 more ... | undefined; }'.
  Overload 2 of 2, '(values: { name: string | SQL<unknown> | Placeholder<string, any>; code: string | SQL<unknown> | Placeholder<string, any>; createdOn?: SQL<unknown> | Date | Placeholder<...> | null | undefined; ... 9 more ...; postCode?: string | ... 3 more ... | undefined; }[]): PgInsertBase<...>', gave the following error.
    Object literal may only specify known properties, and 'locationId' does not exist in type '{ name: string | SQL<unknown> | Placeholder<string, any>; code: string | SQL<unknown> | Placeholder<string, any>; createdOn?: SQL<unknown> | Date | Placeholder<...> | null | undefined; ... 9 more ...; postCode?: string | ... 3 more ... | undefined; }[]'.
src/orders/returns-write.service.spec.ts(189,48): error TS2345: Argument of type 'DrizzleDB' is not assignable to parameter of type 'PgliteDatabase<any>'.
  The types of 'with(...).update(...).set(...)._.queryResult.type' are incompatible between these types.
    Type 'Row[] & Iterable<Row> & ResultQueryMeta<number, string | number>' is missing the following properties from type 'Results<{ [key: string]: any; }>': rows, fields
src/orders/returns-write.service.spec.ts(202,51): error TS2345: Argument of type 'DrizzleDB' is not assignable to parameter of type 'PgliteDatabase<any>'.
  The types of 'with(...).update(...).set(...)._.queryResult.type' are incompatible between these types.
    Type 'Row[] & Iterable<Row> & ResultQueryMeta<number, string | number>' is missing the following properties from type 'Results<{ [key: string]: any; }>': rows, fields
src/orders/returns-write.service.spec.ts(212,44): error TS2345: Argument of type 'DrizzleDB' is not assignable to parameter of type 'PgliteDatabase<any>'.
  The types of 'with(...).update(...).set(...)._.queryResult.type' are incompatible between these types.
    Type 'Row[] & Iterable<Row> & ResultQueryMeta<number, string | number>' is missing the following properties from type 'Results<{ [key: string]: any; }>': rows, fields
src/orders/returns-write.service.spec.ts(216,36): error TS2345: Argument of type 'DrizzleDB' is not assignable to parameter of type 'PgliteDatabase<any>'.
  The types of 'with(...).update(...).set(...)._.queryResult.type' are incompatible between these types.
    Type 'Row[] & Iterable<Row> & ResultQueryMeta<number, string | number>' is missing the following properties from type 'Results<{ [key: string]: any; }>': rows, fields
src/orders/returns-write.service.spec.ts(360,45): error TS2345: Argument of type 'DrizzleDB' is not assignable to parameter of type 'PgliteDatabase<any>'.
  The types of 'with(...).update(...).set(...)._.queryResult.type' are incompatible between these types.
    Type 'Row[] & Iterable<Row> & ResultQueryMeta<number, string | number>' is missing the following properties from type 'Results<{ [key: string]: any; }>': rows, fields
src/orders/returns-write.service.spec.ts(363,10): error TS2769: No overload matches this call.
  Overload 1 of 2, '(value: { name: string | SQL<unknown> | Placeholder<string, any>; code: string | SQL<unknown> | Placeholder<string, any>; createdOn?: SQL<unknown> | Date | Placeholder<...> | null | undefined; ... 9 more ...; postCode?: string | ... 3 more ... | undefined; }): PgInsertBase<...>', gave the following error.
    Object literal may only specify known properties, and 'type' does not exist in type '{ name: string | SQL<unknown> | Placeholder<string, any>; code: string | SQL<unknown> | Placeholder<string, any>; createdOn?: SQL<unknown> | Date | Placeholder<...> | null | undefined; ... 9 more ...; postCode?: string | ... 3 more ... | undefined; }'.
  Overload 2 of 2, '(values: { name: string | SQL<unknown> | Placeholder<string, any>; code: string | SQL<unknown> | Placeholder<string, any>; createdOn?: SQL<unknown> | Date | Placeholder<...> | null | undefined; ... 9 more ...; postCode?: string | ... 3 more ... | undefined; }[]): PgInsertBase<...>', gave the following error.
    Object literal may only specify known properties, and 'locationId' does not exist in type '{ name: string | SQL<unknown> | Placeholder<string, any>; code: string | SQL<unknown> | Placeholder<string, any>; createdOn?: SQL<unknown> | Date | Placeholder<...> | null | undefined; ... 9 more ...; postCode?: string | ... 3 more ... | undefined; }[]'.
src/orders/returns-write.service.spec.ts(371,48): error TS2345: Argument of type 'DrizzleDB' is not assignable to parameter of type 'PgliteDatabase<any>'.
  The types of 'with(...).update(...).set(...)._.queryResult.type' are incompatible between these types.
    Type 'Row[] & Iterable<Row> & ResultQueryMeta<number, string | number>' is missing the following properties from type 'Results<{ [key: string]: any; }>': rows, fields
src/orders/returns-write.service.spec.ts(375,42): error TS2345: Argument of type 'DrizzleDB' is not assignable to parameter of type 'PgliteDatabase<any>'.
  The types of 'with(...).update(...).set(...)._.queryResult.type' are incompatible between these types.
    Type 'Row[] & Iterable<Row> & ResultQueryMeta<number, string | number>' is missing the following properties from type 'Results<{ [key: string]: any; }>': rows, fields
src/orders/returns-write.service.spec.ts(418,45): error TS2345: Argument of type 'DrizzleDB' is not assignable to parameter of type 'PgliteDatabase<any>'.
  The types of 'with(...).update(...).set(...)._.queryResult.type' are incompatible between these types.
    Type 'Row[] & Iterable<Row> & ResultQueryMeta<number, string | number>' is missing the following properties from type 'Results<{ [key: string]: any; }>': rows, fields
src/orders/returns-write.service.spec.ts(420,44): error TS2345: Argument of type 'DrizzleDB' is not assignable to parameter of type 'PgliteDatabase<any>'.
  The types of 'with(...).update(...).set(...)._.queryResult.type' are incompatible between these types.
    Type 'Row[] & Iterable<Row> & ResultQueryMeta<number, string | number>' is missing the following properties from type 'Results<{ [key: string]: any; }>': rows, fields
src/orders/returns-write.service.spec.ts(425,10): error TS2769: No overload matches this call.
  Overload 1 of 2, '(value: { name: string | SQL<unknown> | Placeholder<string, any>; code: string | SQL<unknown> | Placeholder<string, any>; createdOn?: SQL<unknown> | Date | Placeholder<...> | null | undefined; ... 9 more ...; postCode?: string | ... 3 more ... | undefined; }): PgInsertBase<...>', gave the following error.
    Object literal may only specify known properties, and 'type' does not exist in type '{ name: string | SQL<unknown> | Placeholder<string, any>; code: string | SQL<unknown> | Placeholder<string, any>; createdOn?: SQL<unknown> | Date | Placeholder<...> | null | undefined; ... 9 more ...; postCode?: string | ... 3 more ... | undefined; }'.
  Overload 2 of 2, '(values: { name: string | SQL<unknown> | Placeholder<string, any>; code: string | SQL<unknown> | Placeholder<string, any>; createdOn?: SQL<unknown> | Date | Placeholder<...> | null | undefined; ... 9 more ...; postCode?: string | ... 3 more ... | undefined; }[]): PgInsertBase<...>', gave the following error.
    Object literal may only specify known properties, and 'locationId' does not exist in type '{ name: string | SQL<unknown> | Placeholder<string, any>; code: string | SQL<unknown> | Placeholder<string, any>; createdOn?: SQL<unknown> | Date | Placeholder<...> | null | undefined; ... 9 more ...; postCode?: string | ... 3 more ... | undefined; }[]'.
src/orders/returns-write.service.spec.ts(454,48): error TS2345: Argument of type 'DrizzleDB' is not assignable to parameter of type 'PgliteDatabase<any>'.
  The types of 'with(...).update(...).set(...)._.queryResult.type' are incompatible between these types.
    Type 'Row[] & Iterable<Row> & ResultQueryMeta<number, string | number>' is missing the following properties from type 'Results<{ [key: string]: any; }>': rows, fields
src/orders/returns-write.service.spec.ts(466,51): error TS2345: Argument of type 'DrizzleDB' is not assignable to parameter of type 'PgliteDatabase<any>'.
  The types of 'with(...).update(...).set(...)._.queryResult.type' are incompatible between these types.
    Type 'Row[] & Iterable<Row> & ResultQueryMeta<number, string | number>' is missing the following properties from type 'Results<{ [key: string]: any; }>': rows, fields
src/orders/returns-write.service.spec.ts(475,42): error TS2345: Argument of type 'DrizzleDB' is not assignable to parameter of type 'PgliteDatabase<any>'.
  The types of 'with(...).update(...).set(...)._.queryResult.type' are incompatible between these types.
    Type 'Row[] & Iterable<Row> & ResultQueryMeta<number, string | number>' is missing the following properties from type 'Results<{ [key: string]: any; }>': rows, fields
src/orders/returns-write.service.spec.ts(481,34): error TS2345: Argument of type 'DrizzleDB' is not assignable to parameter of type 'PgliteDatabase<any>'.
  The types of 'with(...).update(...).set(...)._.queryResult.type' are incompatible between these types.
    Type 'Row[] & Iterable<Row> & ResultQueryMeta<number, string | number>' is missing the following properties from type 'Results<{ [key: string]: any; }>': rows, fields
src/orders/returns-write.service.spec.ts(546,9): error TS2322: Type '(r: { returnId: PgColumn<{ name: "return_id"; tableName: "sales_order_returns"; dataType: "string"; columnType: "PgUUID"; data: string; driverParam: string; notNull: true; hasDefault: true; isPrimaryKey: true; ... 5 more ...; generated: undefined; }, {}, {}>; ... 6 more ...; modifiedOn: PgColumn<...>; }, { eq }: { ....' is not assignable to type 'SQL<unknown> | ((fields: { returnId: PgColumn<{ name: "return_id"; tableName: "sales_order_returns"; dataType: "string"; columnType: "PgUUID"; data: string; driverParam: string; notNull: true; hasDefault: true; ... 6 more ...; generated: undefined; }, {}, {}>; ... 6 more ...; modifiedOn: PgColumn<...>; }, operators:...'.
  Type '(r: { returnId: PgColumn<{ name: "return_id"; tableName: "sales_order_returns"; dataType: "string"; columnType: "PgUUID"; data: string; driverParam: string; notNull: true; hasDefault: true; isPrimaryKey: true; ... 5 more ...; generated: undefined; }, {}, {}>; ... 6 more ...; modifiedOn: PgColumn<...>; }, { eq }: { ....' is not assignable to type '(fields: { returnId: PgColumn<{ name: "return_id"; tableName: "sales_order_returns"; dataType: "string"; columnType: "PgUUID"; data: string; driverParam: string; notNull: true; hasDefault: true; isPrimaryKey: true; ... 5 more ...; generated: undefined; }, {}, {}>; ... 6 more ...; modifiedOn: PgColumn<...>; }, operat...'.
    Type 'import("C:/Users/Marcel/volz/modbm/modbm/node_modules/drizzle-orm/sql/sql", { with: { "resolution-mode": "import" } }).SQL<unknown>' is not assignable to type 'import("C:/Users/Marcel/volz/modbm/modbm/node_modules/drizzle-orm/sql/sql").SQL<unknown>'.
      Types have separate declarations of a private property 'shouldInlineParams'.
src/orders/returns-write.service.spec.ts(546,34): error TS2769: No overload matches this call.
  Overload 1 of 3, '(left: Column<ColumnBaseConfig<ColumnDataType, string>, object, object>, right: unknown): SQL<unknown>', gave the following error.
    Argument of type 'PgColumn<{ name: "return_id"; tableName: "sales_order_returns"; dataType: "string"; columnType: "PgUUID"; data: string; driverParam: string; notNull: true; hasDefault: true; isPrimaryKey: true; isAutoincrement: false; ... 4 more ...; generated: undefined; }, {}, {}>' is not assignable to parameter of type 'Column<ColumnBaseConfig<ColumnDataType, string>, object, object>'.
      The types of 'table._.config.columns' are incompatible between these types.
        Type 'Record<string, PgColumn<ColumnBaseConfig<ColumnDataType, string>, {}, {}>>' is not assignable to type 'Record<string, Column<any, object, object>>'.
          'string' index signatures are incompatible.
            Type 'PgColumn<ColumnBaseConfig<ColumnDataType, string>, {}, {}>' is not assignable to type 'Column<any, object, object>'.
              Property 'config' is protected but type 'Column<T, TRuntimeConfig, TTypeConfig>' is not a class derived from 'Column<T, TRuntimeConfig, TTypeConfig>'.
  Overload 2 of 3, '(left: Aliased<string>, right: string | SQLWrapper): SQL<unknown>', gave the following error.
    Argument of type 'PgColumn<{ name: "return_id"; tableName: "sales_order_returns"; dataType: "string"; columnType: "PgUUID"; data: string; driverParam: string; notNull: true; hasDefault: true; isPrimaryKey: true; isAutoincrement: false; ... 4 more ...; generated: undefined; }, {}, {}>' is not assignable to parameter of type 'Aliased<string>'.
      Type 'PgColumn<{ name: "return_id"; tableName: "sales_order_returns"; dataType: "string"; columnType: "PgUUID"; data: string; driverParam: string; notNull: true; hasDefault: true; isPrimaryKey: true; isAutoincrement: false; ... 4 more ...; generated: undefined; }, {}, {}>' is missing the following properties from type 'Aliased<string>': sql, fieldAlias
  Overload 3 of 3, '(left: SQLWrapper, right: unknown): SQL<unknown>', gave the following error.
    Argument of type 'PgColumn<{ name: "return_id"; tableName: "sales_order_returns"; dataType: "string"; columnType: "PgUUID"; data: string; driverParam: string; notNull: true; hasDefault: true; isPrimaryKey: true; isAutoincrement: false; ... 4 more ...; generated: undefined; }, {}, {}>' is not assignable to parameter of type 'SQLWrapper'.
      The types returned by 'getSQL()' are incompatible between these types.
        Type 'import("C:/Users/Marcel/volz/modbm/modbm/node_modules/drizzle-orm/sql/sql").SQL<unknown>' is not assignable to type 'import("C:/Users/Marcel/volz/modbm/modbm/node_modules/drizzle-orm/sql/sql", { with: { "resolution-mode": "import" } }).SQL<unknown>'.
          Types have separate declarations of a private property 'shouldInlineParams'.
src/orders/returns-write.service.spec.ts(603,45): error TS2345: Argument of type 'DrizzleDB' is not assignable to parameter of type 'PgliteDatabase<any>'.
  The types of 'with(...).update(...).set(...)._.queryResult.type' are incompatible between these types.
    Type 'Row[] & Iterable<Row> & ResultQueryMeta<number, string | number>' is missing the following properties from type 'Results<{ [key: string]: any; }>': rows, fields
src/orders/returns-write.service.spec.ts(606,10): error TS2769: No overload matches this call.
  Overload 1 of 2, '(value: { name: string | SQL<unknown> | Placeholder<string, any>; code: string | SQL<unknown> | Placeholder<string, any>; createdOn?: SQL<unknown> | Date | Placeholder<...> | null | undefined; ... 9 more ...; postCode?: string | ... 3 more ... | undefined; }): PgInsertBase<...>', gave the following error.
    Object literal may only specify known properties, and 'type' does not exist in type '{ name: string | SQL<unknown> | Placeholder<string, any>; code: string | SQL<unknown> | Placeholder<string, any>; createdOn?: SQL<unknown> | Date | Placeholder<...> | null | undefined; ... 9 more ...; postCode?: string | ... 3 more ... | undefined; }'.
  Overload 2 of 2, '(values: { name: string | SQL<unknown> | Placeholder<string, any>; code: string | SQL<unknown> | Placeholder<string, any>; createdOn?: SQL<unknown> | Date | Placeholder<...> | null | undefined; ... 9 more ...; postCode?: string | ... 3 more ... | undefined; }[]): PgInsertBase<...>', gave the following error.
    Object literal may only specify known properties, and 'locationId' does not exist in type '{ name: string | SQL<unknown> | Placeholder<string, any>; code: string | SQL<unknown> | Placeholder<string, any>; createdOn?: SQL<unknown> | Date | Placeholder<...> | null | undefined; ... 9 more ...; postCode?: string | ... 3 more ... | undefined; }[]'.
src/orders/returns-write.service.spec.ts(633,48): error TS2345: Argument of type 'DrizzleDB' is not assignable to parameter of type 'PgliteDatabase<any>'.
  The types of 'with(...).update(...).set(...)._.queryResult.type' are incompatible between these types.
    Type 'Row[] & Iterable<Row> & ResultQueryMeta<number, string | number>' is missing the following properties from type 'Results<{ [key: string]: any; }>': rows, fields
src/orders/returns-write.service.spec.ts(637,44): error TS2345: Argument of type 'DrizzleDB' is not assignable to parameter of type 'PgliteDatabase<any>'.
  The types of 'with(...).update(...).set(...)._.queryResult.type' are incompatible between these types.
    Type 'Row[] & Iterable<Row> & ResultQueryMeta<number, string | number>' is missing the following properties from type 'Results<{ [key: string]: any; }>': rows, fields
src/orders/returns-write.service.spec.ts(662,56): error TS2345: Argument of type 'DrizzleDB' is not assignable to parameter of type 'PgliteDatabase<any>'.
  The types of 'with(...).update(...).set(...)._.queryResult.type' are incompatible between these types.
    Type 'Row[] & Iterable<Row> & ResultQueryMeta<number, string | number>' is missing the following properties from type 'Results<{ [key: string]: any; }>': rows, fields
src/orders/returns-write.service.spec.ts(670,42): error TS2345: Argument of type 'DrizzleDB' is not assignable to parameter of type 'PgliteDatabase<any>'.
  The types of 'with(...).update(...).set(...)._.queryResult.type' are incompatible between these types.
    Type 'Row[] & Iterable<Row> & ResultQueryMeta<number, string | number>' is missing the following properties from type 'Results<{ [key: string]: any; }>': rows, fields
src/orders/returns-write.service.spec.ts(675,34): error TS2345: Argument of type 'DrizzleDB' is not assignable to parameter of type 'PgliteDatabase<any>'.
  The types of 'with(...).update(...).set(...)._.queryResult.type' are incompatible between these types.
    Type 'Row[] & Iterable<Row> & ResultQueryMeta<number, string | number>' is missing the following properties from type 'Results<{ [key: string]: any; }>': rows, fields
src/orders/returns-write.service.spec.ts(915,45): error TS2345: Argument of type 'DrizzleDB' is not assignable to parameter of type 'PgliteDatabase<any>'.
  The types of 'with(...).update(...).set(...)._.queryResult.type' are incompatible between these types.
    Type 'Row[] & Iterable<Row> & ResultQueryMeta<number, string | number>' is missing the following properties from type 'Results<{ [key: string]: any; }>': rows, fields
src/orders/returns-write.service.spec.ts(916,44): error TS2345: Argument of type 'DrizzleDB' is not assignable to parameter of type 'PgliteDatabase<any>'.
  The types of 'with(...).update(...).set(...)._.queryResult.type' are incompatible between these types.
    Type 'Row[] & Iterable<Row> & ResultQueryMeta<number, string | number>' is missing the following properties from type 'Results<{ [key: string]: any; }>': rows, fields
src/orders/returns-write.service.spec.ts(920,10): error TS2769: No overload matches this call.
  Overload 1 of 2, '(value: { name: string | SQL<unknown> | Placeholder<string, any>; code: string | SQL<unknown> | Placeholder<string, any>; createdOn?: SQL<unknown> | Date | Placeholder<...> | null | undefined; ... 9 more ...; postCode?: string | ... 3 more ... | undefined; }): PgInsertBase<...>', gave the following error.
    Object literal may only specify known properties, and 'type' does not exist in type '{ name: string | SQL<unknown> | Placeholder<string, any>; code: string | SQL<unknown> | Placeholder<string, any>; createdOn?: SQL<unknown> | Date | Placeholder<...> | null | undefined; ... 9 more ...; postCode?: string | ... 3 more ... | undefined; }'.
  Overload 2 of 2, '(values: { name: string | SQL<unknown> | Placeholder<string, any>; code: string | SQL<unknown> | Placeholder<string, any>; createdOn?: SQL<unknown> | Date | Placeholder<...> | null | undefined; ... 9 more ...; postCode?: string | ... 3 more ... | undefined; }[]): PgInsertBase<...>', gave the following error.
    Object literal may only specify known properties, and 'locationId' does not exist in type '{ name: string | SQL<unknown> | Placeholder<string, any>; code: string | SQL<unknown> | Placeholder<string, any>; createdOn?: SQL<unknown> | Date | Placeholder<...> | null | undefined; ... 9 more ...; postCode?: string | ... 3 more ... | undefined; }[]'.
src/orders/returns-write.service.spec.ts(928,48): error TS2345: Argument of type 'DrizzleDB' is not assignable to parameter of type 'PgliteDatabase<any>'.
  The types of 'with(...).update(...).set(...)._.queryResult.type' are incompatible between these types.
    Type 'Row[] & Iterable<Row> & ResultQueryMeta<number, string | number>' is missing the following properties from type 'Results<{ [key: string]: any; }>': rows, fields
src/orders/returns-write.service.spec.ts(939,51): error TS2345: Argument of type 'DrizzleDB' is not assignable to parameter of type 'PgliteDatabase<any>'.
  The types of 'with(...).update(...).set(...)._.queryResult.type' are incompatible between these types.
    Type 'Row[] & Iterable<Row> & ResultQueryMeta<number, string | number>' is missing the following properties from type 'Results<{ [key: string]: any; }>': rows, fields
src/orders/returns-write.service.spec.ts(948,42): error TS2345: Argument of type 'DrizzleDB' is not assignable to parameter of type 'PgliteDatabase<any>'.
  The types of 'with(...).update(...).set(...)._.queryResult.type' are incompatible between these types.
    Type 'Row[] & Iterable<Row> & ResultQueryMeta<number, string | number>' is missing the following properties from type 'Results<{ [key: string]: any; }>': rows, fields
src/orders/returns-write.service.spec.ts(955,36): error TS2345: Argument of type 'DrizzleDB' is not assignable to parameter of type 'PgliteDatabase<any>'.
  The types of 'with(...).update(...).set(...)._.queryResult.type' are incompatible between these types.
    Type 'Row[] & Iterable<Row> & ResultQueryMeta<number, string | number>' is missing the following properties from type 'Results<{ [key: string]: any; }>': rows, fields
src/orders/returns-write.service.spec.ts(998,45): error TS2345: Argument of type 'DrizzleDB' is not assignable to parameter of type 'PgliteDatabase<any>'.
  The types of 'with(...).update(...).set(...)._.queryResult.type' are incompatible between these types.
    Type 'Row[] & Iterable<Row> & ResultQueryMeta<number, string | number>' is missing the following properties from type 'Results<{ [key: string]: any; }>': rows, fields
src/orders/returns-write.service.spec.ts(999,44): error TS2345: Argument of type 'DrizzleDB' is not assignable to parameter of type 'PgliteDatabase<any>'.
  The types of 'with(...).update(...).set(...)._.queryResult.type' are incompatible between these types.
    Type 'Row[] & Iterable<Row> & ResultQueryMeta<number, string | number>' is missing the following properties from type 'Results<{ [key: string]: any; }>': rows, fields
src/orders/returns-write.service.spec.ts(1002,10): error TS2769: No overload matches this call.
  Overload 1 of 2, '(value: { name: string | SQL<unknown> | Placeholder<string, any>; code: string | SQL<unknown> | Placeholder<string, any>; createdOn?: SQL<unknown> | Date | Placeholder<...> | null | undefined; ... 9 more ...; postCode?: string | ... 3 more ... | undefined; }): PgInsertBase<...>', gave the following error.
    Object literal may only specify known properties, and 'type' does not exist in type '{ name: string | SQL<unknown> | Placeholder<string, any>; code: string | SQL<unknown> | Placeholder<string, any>; createdOn?: SQL<unknown> | Date | Placeholder<...> | null | undefined; ... 9 more ...; postCode?: string | ... 3 more ... | undefined; }'.
  Overload 2 of 2, '(values: { name: string | SQL<unknown> | Placeholder<string, any>; code: string | SQL<unknown> | Placeholder<string, any>; createdOn?: SQL<unknown> | Date | Placeholder<...> | null | undefined; ... 9 more ...; postCode?: string | ... 3 more ... | undefined; }[]): PgInsertBase<...>', gave the following error.
    Object literal may only specify known properties, and 'locationId' does not exist in type '{ name: string | SQL<unknown> | Placeholder<string, any>; code: string | SQL<unknown> | Placeholder<string, any>; createdOn?: SQL<unknown> | Date | Placeholder<...> | null | undefined; ... 9 more ...; postCode?: string | ... 3 more ... | undefined; }[]'.
src/orders/returns-write.service.spec.ts(1011,48): error TS2345: Argument of type 'DrizzleDB' is not assignable to parameter of type 'PgliteDatabase<any>'.
  The types of 'with(...).update(...).set(...)._.queryResult.type' are incompatible between these types.
    Type 'Row[] & Iterable<Row> & ResultQueryMeta<number, string | number>' is missing the following properties from type 'Results<{ [key: string]: any; }>': rows, fields
src/orders/returns-write.service.spec.ts(1019,56): error TS2345: Argument of type 'DrizzleDB' is not assignable to parameter of type 'PgliteDatabase<any>'.
  The types of 'with(...).update(...).set(...)._.queryResult.type' are incompatible between these types.
    Type 'Row[] & Iterable<Row> & ResultQueryMeta<number, string | number>' is missing the following properties from type 'Results<{ [key: string]: any; }>': rows, fields
src/orders/returns-write.service.spec.ts(1027,42): error TS2345: Argument of type 'DrizzleDB' is not assignable to parameter of type 'PgliteDatabase<any>'.
  The types of 'with(...).update(...).set(...)._.queryResult.type' are incompatible between these types.
    Type 'Row[] & Iterable<Row> & ResultQueryMeta<number, string | number>' is missing the following properties from type 'Results<{ [key: string]: any; }>': rows, fields
src/orders/returns-write.service.spec.ts(1033,50): error TS2345: Argument of type 'DrizzleDB' is not assignable to parameter of type 'PgliteDatabase<any>'.
  The types of 'with(...).update(...).set(...)._.queryResult.type' are incompatible between these types.
    Type 'Row[] & Iterable<Row> & ResultQueryMeta<number, string | number>' is missing the following properties from type 'Results<{ [key: string]: any; }>': rows, fields
src/orders/returns-write.service.spec.ts(1086,45): error TS2345: Argument of type 'DrizzleDB' is not assignable to parameter of type 'PgliteDatabase<any>'.
  The types of 'with(...).update(...).set(...)._.queryResult.type' are incompatible between these types.
    Type 'Row[] & Iterable<Row> & ResultQueryMeta<number, string | number>' is missing the following properties from type 'Results<{ [key: string]: any; }>': rows, fields
src/orders/returns-write.service.spec.ts(1087,44): error TS2345: Argument of type 'DrizzleDB' is not assignable to parameter of type 'PgliteDatabase<any>'.
  The types of 'with(...).update(...).set(...)._.queryResult.type' are incompatible between these types.
    Type 'Row[] & Iterable<Row> & ResultQueryMeta<number, string | number>' is missing the following properties from type 'Results<{ [key: string]: any; }>': rows, fields
src/orders/returns-write.service.spec.ts(1090,10): error TS2769: No overload matches this call.
  Overload 1 of 2, '(value: { name: string | SQL<unknown> | Placeholder<string, any>; code: string | SQL<unknown> | Placeholder<string, any>; createdOn?: SQL<unknown> | Date | Placeholder<...> | null | undefined; ... 9 more ...; postCode?: string | ... 3 more ... | undefined; }): PgInsertBase<...>', gave the following error.
    Object literal may only specify known properties, and 'type' does not exist in type '{ name: string | SQL<unknown> | Placeholder<string, any>; code: string | SQL<unknown> | Placeholder<string, any>; createdOn?: SQL<unknown> | Date | Placeholder<...> | null | undefined; ... 9 more ...; postCode?: string | ... 3 more ... | undefined; }'.
  Overload 2 of 2, '(values: { name: string | SQL<unknown> | Placeholder<string, any>; code: string | SQL<unknown> | Placeholder<string, any>; createdOn?: SQL<unknown> | Date | Placeholder<...> | null | undefined; ... 9 more ...; postCode?: string | ... 3 more ... | undefined; }[]): PgInsertBase<...>', gave the following error.
    Object literal may only specify known properties, and 'locationId' does not exist in type '{ name: string | SQL<unknown> | Placeholder<string, any>; code: string | SQL<unknown> | Placeholder<string, any>; createdOn?: SQL<unknown> | Date | Placeholder<...> | null | undefined; ... 9 more ...; postCode?: string | ... 3 more ... | undefined; }[]'.
src/orders/returns-write.service.spec.ts(1099,48): error TS2345: Argument of type 'DrizzleDB' is not assignable to parameter of type 'PgliteDatabase<any>'.
  The types of 'with(...).update(...).set(...)._.queryResult.type' are incompatible between these types.
    Type 'Row[] & Iterable<Row> & ResultQueryMeta<number, string | number>' is missing the following properties from type 'Results<{ [key: string]: any; }>': rows, fields
src/orders/returns-write.service.spec.ts(1107,56): error TS2345: Argument of type 'DrizzleDB' is not assignable to parameter of type 'PgliteDatabase<any>'.
  The types of 'with(...).update(...).set(...)._.queryResult.type' are incompatible between these types.
    Type 'Row[] & Iterable<Row> & ResultQueryMeta<number, string | number>' is missing the following properties from type 'Results<{ [key: string]: any; }>': rows, fields
src/orders/returns-write.service.spec.ts(1115,42): error TS2345: Argument of type 'DrizzleDB' is not assignable to parameter of type 'PgliteDatabase<any>'.
  The types of 'with(...).update(...).set(...)._.queryResult.type' are incompatible between these types.
    Type 'Row[] & Iterable<Row> & ResultQueryMeta<number, string | number>' is missing the following properties from type 'Results<{ [key: string]: any; }>': rows, fields
src/orders/returns-write.service.spec.ts(1121,50): error TS2345: Argument of type 'DrizzleDB' is not assignable to parameter of type 'PgliteDatabase<any>'.
  The types of 'with(...).update(...).set(...)._.queryResult.type' are incompatible between these types.
    Type 'Row[] & Iterable<Row> & ResultQueryMeta<number, string | number>' is missing the following properties from type 'Results<{ [key: string]: any; }>': rows, fields
src/orders/returns-write.service.spec.ts(1157,45): error TS2345: Argument of type 'DrizzleDB' is not assignable to parameter of type 'PgliteDatabase<any>'.
  The types of 'with(...).update(...).set(...)._.queryResult.type' are incompatible between these types.
    Type 'Row[] & Iterable<Row> & ResultQueryMeta<number, string | number>' is missing the following properties from type 'Results<{ [key: string]: any; }>': rows, fields
src/orders/returns-write.service.spec.ts(1158,44): error TS2345: Argument of type 'DrizzleDB' is not assignable to parameter of type 'PgliteDatabase<any>'.
  The types of 'with(...).update(...).set(...)._.queryResult.type' are incompatible between these types.
    Type 'Row[] & Iterable<Row> & ResultQueryMeta<number, string | number>' is missing the following properties from type 'Results<{ [key: string]: any; }>': rows, fields
src/orders/returns-write.service.spec.ts(1161,10): error TS2769: No overload matches this call.
  Overload 1 of 2, '(value: { name: string | SQL<unknown> | Placeholder<string, any>; code: string | SQL<unknown> | Placeholder<string, any>; createdOn?: SQL<unknown> | Date | Placeholder<...> | null | undefined; ... 9 more ...; postCode?: string | ... 3 more ... | undefined; }): PgInsertBase<...>', gave the following error.
    Object literal may only specify known properties, and 'type' does not exist in type '{ name: string | SQL<unknown> | Placeholder<string, any>; code: string | SQL<unknown> | Placeholder<string, any>; createdOn?: SQL<unknown> | Date | Placeholder<...> | null | undefined; ... 9 more ...; postCode?: string | ... 3 more ... | undefined; }'.
  Overload 2 of 2, '(values: { name: string | SQL<unknown> | Placeholder<string, any>; code: string | SQL<unknown> | Placeholder<string, any>; createdOn?: SQL<unknown> | Date | Placeholder<...> | null | undefined; ... 9 more ...; postCode?: string | ... 3 more ... | undefined; }[]): PgInsertBase<...>', gave the following error.
    Object literal may only specify known properties, and 'locationId' does not exist in type '{ name: string | SQL<unknown> | Placeholder<string, any>; code: string | SQL<unknown> | Placeholder<string, any>; createdOn?: SQL<unknown> | Date | Placeholder<...> | null | undefined; ... 9 more ...; postCode?: string | ... 3 more ... | undefined; }[]'.
src/orders/returns-write.service.spec.ts(1170,48): error TS2345: Argument of type 'DrizzleDB' is not assignable to parameter of type 'PgliteDatabase<any>'.
  The types of 'with(...).update(...).set(...)._.queryResult.type' are incompatible between these types.
    Type 'Row[] & Iterable<Row> & ResultQueryMeta<number, string | number>' is missing the following properties from type 'Results<{ [key: string]: any; }>': rows, fields
src/orders/returns-write.service.spec.ts(1174,42): error TS2345: Argument of type 'DrizzleDB' is not assignable to parameter of type 'PgliteDatabase<any>'.
  The types of 'with(...).update(...).set(...)._.queryResult.type' are incompatible between these types.
    Type 'Row[] & Iterable<Row> & ResultQueryMeta<number, string | number>' is missing the following properties from type 'Results<{ [key: string]: any; }>': rows, fields
src/orders/returns-write.service.spec.ts(1182,56): error TS2345: Argument of type 'DrizzleDB' is not assignable to parameter of type 'PgliteDatabase<any>'.
  The types of 'with(...).update(...).set(...)._.queryResult.type' are incompatible between these types.
    Type 'Row[] & Iterable<Row> & ResultQueryMeta<number, string | number>' is missing the following properties from type 'Results<{ [key: string]: any; }>': rows, fields
src/orders/returns-write.service.spec.ts(1189,34): error TS2345: Argument of type 'DrizzleDB' is not assignable to parameter of type 'PgliteDatabase<any>'.
  The types of 'with(...).update(...).set(...)._.queryResult.type' are incompatible between these types.
    Type 'Row[] & Iterable<Row> & ResultQueryMeta<number, string | number>' is missing the following properties from type 'Results<{ [key: string]: any; }>': rows, fields
src/orders/returns-write.service.spec.ts(1209,45): error TS2345: Argument of type 'DrizzleDB' is not assignable to parameter of type 'PgliteDatabase<any>'.
  The types of 'with(...).update(...).set(...)._.queryResult.type' are incompatible between these types.
    Type 'Row[] & Iterable<Row> & ResultQueryMeta<number, string | number>' is missing the following properties from type 'Results<{ [key: string]: any; }>': rows, fields
src/orders/returns-write.service.spec.ts(1212,10): error TS2769: No overload matches this call.
  Overload 1 of 2, '(value: { name: string | SQL<unknown> | Placeholder<string, any>; code: string | SQL<unknown> | Placeholder<string, any>; createdOn?: SQL<unknown> | Date | Placeholder<...> | null | undefined; ... 9 more ...; postCode?: string | ... 3 more ... | undefined; }): PgInsertBase<...>', gave the following error.
    Object literal may only specify known properties, and 'type' does not exist in type '{ name: string | SQL<unknown> | Placeholder<string, any>; code: string | SQL<unknown> | Placeholder<string, any>; createdOn?: SQL<unknown> | Date | Placeholder<...> | null | undefined; ... 9 more ...; postCode?: string | ... 3 more ... | undefined; }'.
  Overload 2 of 2, '(values: { name: string | SQL<unknown> | Placeholder<string, any>; code: string | SQL<unknown> | Placeholder<string, any>; createdOn?: SQL<unknown> | Date | Placeholder<...> | null | undefined; ... 9 more ...; postCode?: string | ... 3 more ... | undefined; }[]): PgInsertBase<...>', gave the following error.
    Object literal may only specify known properties, and 'locationId' does not exist in type '{ name: string | SQL<unknown> | Placeholder<string, any>; code: string | SQL<unknown> | Placeholder<string, any>; createdOn?: SQL<unknown> | Date | Placeholder<...> | null | undefined; ... 9 more ...; postCode?: string | ... 3 more ... | undefined; }[]'.
src/orders/returns-write.service.spec.ts(1221,48): error TS2345: Argument of type 'DrizzleDB' is not assignable to parameter of type 'PgliteDatabase<any>'.
  The types of 'with(...).update(...).set(...)._.queryResult.type' are incompatible between these types.
    Type 'Row[] & Iterable<Row> & ResultQueryMeta<number, string | number>' is missing the following properties from type 'Results<{ [key: string]: any; }>': rows, fields
src/orders/returns-write.service.spec.ts(1225,42): error TS2345: Argument of type 'DrizzleDB' is not assignable to parameter of type 'PgliteDatabase<any>'.
  The types of 'with(...).update(...).set(...)._.queryResult.type' are incompatible between these types.
    Type 'Row[] & Iterable<Row> & ResultQueryMeta<number, string | number>' is missing the following properties from type 'Results<{ [key: string]: any; }>': rows, fields
src/orders/returns-write.service.spec.ts(1254,45): error TS2345: Argument of type 'DrizzleDB' is not assignable to parameter of type 'PgliteDatabase<any>'.
  The types of 'with(...).update(...).set(...)._.queryResult.type' are incompatible between these types.
    Type 'Row[] & Iterable<Row> & ResultQueryMeta<number, string | number>' is missing the following properties from type 'Results<{ [key: string]: any; }>': rows, fields
src/orders/returns-write.service.spec.ts(1257,10): error TS2769: No overload matches this call.
  Overload 1 of 2, '(value: { name: string | SQL<unknown> | Placeholder<string, any>; code: string | SQL<unknown> | Placeholder<string, any>; createdOn?: SQL<unknown> | Date | Placeholder<...> | null | undefined; ... 9 more ...; postCode?: string | ... 3 more ... | undefined; }): PgInsertBase<...>', gave the following error.
    Object literal may only specify known properties, and 'type' does not exist in type '{ name: string | SQL<unknown> | Placeholder<string, any>; code: string | SQL<unknown> | Placeholder<string, any>; createdOn?: SQL<unknown> | Date | Placeholder<...> | null | undefined; ... 9 more ...; postCode?: string | ... 3 more ... | undefined; }'.
  Overload 2 of 2, '(values: { name: string | SQL<unknown> | Placeholder<string, any>; code: string | SQL<unknown> | Placeholder<string, any>; createdOn?: SQL<unknown> | Date | Placeholder<...> | null | undefined; ... 9 more ...; postCode?: string | ... 3 more ... | undefined; }[]): PgInsertBase<...>', gave the following error.
    Object literal may only specify known properties, and 'locationId' does not exist in type '{ name: string | SQL<unknown> | Placeholder<string, any>; code: string | SQL<unknown> | Placeholder<string, any>; createdOn?: SQL<unknown> | Date | Placeholder<...> | null | undefined; ... 9 more ...; postCode?: string | ... 3 more ... | undefined; }[]'.
src/orders/returns-write.service.spec.ts(1265,48): error TS2345: Argument of type 'DrizzleDB' is not assignable to parameter of type 'PgliteDatabase<any>'.
  The types of 'with(...).update(...).set(...)._.queryResult.type' are incompatible between these types.
    Type 'Row[] & Iterable<Row> & ResultQueryMeta<number, string | number>' is missing the following properties from type 'Results<{ [key: string]: any; }>': rows, fields
src/orders/returns-write.service.spec.ts(1269,42): error TS2345: Argument of type 'DrizzleDB' is not assignable to parameter of type 'PgliteDatabase<any>'.
  The types of 'with(...).update(...).set(...)._.queryResult.type' are incompatible between these types.
    Type 'Row[] & Iterable<Row> & ResultQueryMeta<number, string | number>' is missing the following properties from type 'Results<{ [key: string]: any; }>': rows, fields
src/orders/returns-write.service.spec.ts(1285,45): error TS2345: Argument of type 'DrizzleDB' is not assignable to parameter of type 'PgliteDatabase<any>'.
  The types of 'with(...).update(...).set(...)._.queryResult.type' are incompatible between these types.
    Type 'Row[] & Iterable<Row> & ResultQueryMeta<number, string | number>' is missing the following properties from type 'Results<{ [key: string]: any; }>': rows, fields
src/orders/returns-write.service.spec.ts(1286,44): error TS2345: Argument of type 'DrizzleDB' is not assignable to parameter of type 'PgliteDatabase<any>'.
  The types of 'with(...).update(...).set(...)._.queryResult.type' are incompatible between these types.
    Type 'Row[] & Iterable<Row> & ResultQueryMeta<number, string | number>' is missing the following properties from type 'Results<{ [key: string]: any; }>': rows, fields
src/orders/returns-write.service.spec.ts(1289,10): error TS2769: No overload matches this call.
  Overload 1 of 2, '(value: { name: string | SQL<unknown> | Placeholder<string, any>; code: string | SQL<unknown> | Placeholder<string, any>; createdOn?: SQL<unknown> | Date | Placeholder<...> | null | undefined; ... 9 more ...; postCode?: string | ... 3 more ... | undefined; }): PgInsertBase<...>', gave the following error.
    Object literal may only specify known properties, and 'type' does not exist in type '{ name: string | SQL<unknown> | Placeholder<string, any>; code: string | SQL<unknown> | Placeholder<string, any>; createdOn?: SQL<unknown> | Date | Placeholder<...> | null | undefined; ... 9 more ...; postCode?: string | ... 3 more ... | undefined; }'.
  Overload 2 of 2, '(values: { name: string | SQL<unknown> | Placeholder<string, any>; code: string | SQL<unknown> | Placeholder<string, any>; createdOn?: SQL<unknown> | Date | Placeholder<...> | null | undefined; ... 9 more ...; postCode?: string | ... 3 more ... | undefined; }[]): PgInsertBase<...>', gave the following error.
    Object literal may only specify known properties, and 'locationId' does not exist in type '{ name: string | SQL<unknown> | Placeholder<string, any>; code: string | SQL<unknown> | Placeholder<string, any>; createdOn?: SQL<unknown> | Date | Placeholder<...> | null | undefined; ... 9 more ...; postCode?: string | ... 3 more ... | undefined; }[]'.
src/orders/returns-write.service.spec.ts(1297,48): error TS2345: Argument of type 'DrizzleDB' is not assignable to parameter of type 'PgliteDatabase<any>'.
  The types of 'with(...).update(...).set(...)._.queryResult.type' are incompatible between these types.
    Type 'Row[] & Iterable<Row> & ResultQueryMeta<number, string | number>' is missing the following properties from type 'Results<{ [key: string]: any; }>': rows, fields
src/orders/returns-write.service.spec.ts(1305,56): error TS2345: Argument of type 'DrizzleDB' is not assignable to parameter of type 'PgliteDatabase<any>'.
  The types of 'with(...).update(...).set(...)._.queryResult.type' are incompatible between these types.
    Type 'Row[] & Iterable<Row> & ResultQueryMeta<number, string | number>' is missing the following properties from type 'Results<{ [key: string]: any; }>': rows, fields
src/orders/returns-write.service.spec.ts(1313,43): error TS2345: Argument of type 'DrizzleDB' is not assignable to parameter of type 'PgliteDatabase<any>'.
  The types of 'with(...).update(...).set(...)._.queryResult.type' are incompatible between these types.
    Type 'Row[] & Iterable<Row> & ResultQueryMeta<number, string | number>' is missing the following properties from type 'Results<{ [key: string]: any; }>': rows, fields
src/orders/returns-write.service.spec.ts(1317,43): error TS2345: Argument of type 'DrizzleDB' is not assignable to parameter of type 'PgliteDatabase<any>'.
  The types of 'with(...).update(...).set(...)._.queryResult.type' are incompatible between these types.
    Type 'Row[] & Iterable<Row> & ResultQueryMeta<number, string | number>' is missing the following properties from type 'Results<{ [key: string]: any; }>': rows, fields
src/orders/returns-write.service.spec.ts(1322,50): error TS2345: Argument of type 'DrizzleDB' is not assignable to parameter of type 'PgliteDatabase<any>'.
  The types of 'with(...).update(...).set(...)._.queryResult.type' are incompatible between these types.
    Type 'Row[] & Iterable<Row> & ResultQueryMeta<number, string | number>' is missing the following properties from type 'Results<{ [key: string]: any; }>': rows, fields
src/orders/shipment.service.spec.ts(14,3): error TS2724: '"../drizzle/modbm-core-schema"' has no exported member named 'inventoryBinEntries'. Did you mean 'inventoryEntries'?
src/orders/shipment.service.spec.ts(139,41): error TS2769: No overload matches this call.
  Overload 1 of 2, '(value: { salesOrderId: string | SQL<unknown> | Placeholder<string, any>; salesOrderLineId: string | SQL<unknown> | Placeholder<string, any>; productId: string | ... 1 more ... | Placeholder<...>; ... 6 more ...; binId?: string | ... 3 more ... | undefined; }): PgInsertBase<...>', gave the following error.
    Argument of type '{ salesOrderPickId: string; salesOrderId: string; salesOrderLineId: string; productId: string; quantity: string; stateCode: "picked"; }[]' is not assignable to parameter of type '{ salesOrderId: string | SQL<unknown> | Placeholder<string, any>; salesOrderLineId: string | SQL<unknown> | Placeholder<string, any>; productId: string | SQL<...> | Placeholder<...>; ... 6 more ...; binId?: string | ... 3 more ... | undefined; }'.
      Type '{ salesOrderPickId: string; salesOrderId: string; salesOrderLineId: string; productId: string; quantity: string; stateCode: "picked"; }[]' is missing the following properties from type '{ salesOrderId: string | SQL<unknown> | Placeholder<string, any>; salesOrderLineId: string | SQL<unknown> | Placeholder<string, any>; productId: string | SQL<...> | Placeholder<...>; ... 6 more ...; binId?: string | ... 3 more ... | undefined; }': salesOrderId, salesOrderLineId, productId, quantity
  Overload 2 of 2, '(values: { salesOrderId: string | SQL<unknown> | Placeholder<string, any>; salesOrderLineId: string | SQL<unknown> | Placeholder<string, any>; productId: string | ... 1 more ... | Placeholder<...>; ... 6 more ...; binId?: string | ... 3 more ... | undefined; }[]): PgInsertBase<...>', gave the following error.
    Object literal may only specify known properties, but 'salesOrderPickId' does not exist in type '{ salesOrderId: string | SQL<unknown> | Placeholder<string, any>; salesOrderLineId: string | SQL<unknown> | Placeholder<string, any>; productId: string | SQL<...> | Placeholder<...>; ... 6 more ...; binId?: string | ... 3 more ... | undefined; }'. Did you mean to write 'salesOrderId'?
src/reports/picking-slip.service.spec.ts(149,39): error TS2339: Property 'RELEASED' does not exist on type '{ readonly CONFIRMED: "confirmed"; readonly PICKING: "picking"; readonly SHIPPED: "shipped"; readonly RECEIVED: "received"; readonly CANCELLED: "cancelled"; }'.
src/suppliers/suppliers.service.spec.ts(30,36): error TS2554: Expected 1 arguments, but got 0.
src/test-utils/schema-pglite.spec.ts(10,42): error TS2571: Object is of type 'unknown'.
src/test-utils/schema-pglite.spec.ts(11,19): error TS2571: Object is of type 'unknown'.
src/test-utils/schema-pglite.spec.ts(19,21): error TS2571: Object is of type 'unknown'.
src/test-utils/simple.spec.ts(18,12): error TS2571: Object is of type 'unknown'.
src/test-utils/simple.spec.ts(24,14): error TS2571: Object is of type 'unknown'.
test/app.e2e-spec.ts(489,25): error TS2339: Property 'rows' does not exist on type 'never'.
test/app.e2e-spec.ts(508,28): error TS2339: Property 'rows' does not exist on type 'never'.
test/fixtures/index.ts(180,35): error TS2769: No overload matches this call.
  Overload 1 of 2, '(value: { currencyCode: string | SQL<unknown> | Placeholder<string, any>; orderNumber: string | SQL<unknown> | Placeholder<string, any>; deliveryLocationId: string | ... 1 more ... | Placeholder<...>; ... 9 more ...; referenceNumber?: string | ... 3 more ... | undefined; }): PgInsertBase<...>', gave the following error.
    Object literal may only specify known properties, and 'supplierId' does not exist in type '{ currencyCode: string | SQL<unknown> | Placeholder<string, any>; orderNumber: string | SQL<unknown> | Placeholder<string, any>; deliveryLocationId: string | ... 1 more ... | Placeholder<...>; ... 9 more ...; referenceNumber?: string | ... 3 more ... | undefined; }'.
  Overload 2 of 2, '(values: { currencyCode: string | SQL<unknown> | Placeholder<string, any>; orderNumber: string | SQL<unknown> | Placeholder<string, any>; deliveryLocationId: string | ... 1 more ... | Placeholder<...>; ... 9 more ...; referenceNumber?: string | ... 3 more ... | undefined; }[]): PgInsertBase<...>', gave the following error.
    Object literal may only specify known properties, and 'purchaseOrderId' does not exist in type '{ currencyCode: string | SQL<unknown> | Placeholder<string, any>; orderNumber: string | SQL<unknown> | Placeholder<string, any>; deliveryLocationId: string | ... 1 more ... | Placeholder<...>; ... 9 more ...; referenceNumber?: string | ... 3 more ... | undefined; }[]'.
test/fixtures/index.ts(203,37): error TS2769: No overload matches this call.
  Overload 1 of 2, '(value: { entryNumber: string | SQL<unknown> | Placeholder<string, any>; entryDate: string | SQL<unknown> | Placeholder<string, any>; sourceType: string | SQL<...> | Placeholder<...>; ... 6 more ...; journalEntryId?: string | ... 2 more ... | undefined; }): PgInsertBase<...>', gave the following error.
    Type 'Date' is not assignable to type 'string | SQL<unknown> | Placeholder<string, any>'.
  Overload 2 of 2, '(values: { entryNumber: string | SQL<unknown> | Placeholder<string, any>; entryDate: string | SQL<unknown> | Placeholder<string, any>; sourceType: string | SQL<...> | Placeholder<...>; ... 6 more ...; journalEntryId?: string | ... 2 more ... | undefined; }[]): PgInsertBase<...>', gave the following error.
    Object literal may only specify known properties, and 'journalEntryId' does not exist in type '{ entryNumber: string | SQL<unknown> | Placeholder<string, any>; entryDate: string | SQL<unknown> | Placeholder<string, any>; sourceType: string | SQL<...> | Placeholder<...>; ... 6 more ...; journalEntryId?: string | ... 2 more ... | undefined; }[]'.
test/fixtures/index.ts(226,34): error TS2769: No overload matches this call.
  Overload 1 of 2, '(value: { currencyCode: string | SQL<unknown> | Placeholder<string, any>; salesOrderId: string | SQL<unknown> | Placeholder<string, any>; totalAmount: string | SQL<...> | Placeholder<...>; ... 8 more ...; taxAmount?: string | ... 3 more ... | undefined; }): PgInsertBase<...>', gave the following error.
    Argument of type '{ invoiceId: `${string}-${string}-${string}-${string}-${string}`; invoiceNumber: string; salesOrderId: string; stateCode: SalesInvoiceState; }' is not assignable to parameter of type '{ currencyCode: string | SQL<unknown> | Placeholder<string, any>; salesOrderId: string | SQL<unknown> | Placeholder<string, any>; totalAmount: string | SQL<...> | Placeholder<...>; ... 8 more ...; taxAmount?: string | ... 3 more ... | undefined; }'.
      Type '{ invoiceId: `${string}-${string}-${string}-${string}-${string}`; invoiceNumber: string; salesOrderId: string; stateCode: SalesInvoiceState; }' is missing the following properties from type '{ currencyCode: string | SQL<unknown> | Placeholder<string, any>; salesOrderId: string | SQL<unknown> | Placeholder<string, any>; totalAmount: string | SQL<...> | Placeholder<...>; ... 8 more ...; taxAmount?: string | ... 3 more ... | undefined; }': currencyCode, totalAmount
  Overload 2 of 2, '(values: { currencyCode: string | SQL<unknown> | Placeholder<string, any>; salesOrderId: string | SQL<unknown> | Placeholder<string, any>; totalAmount: string | SQL<...> | Placeholder<...>; ... 8 more ...; taxAmount?: string | ... 3 more ... | undefined; }[]): PgInsertBase<...>', gave the following error.
    Object literal may only specify known properties, and 'invoiceId' does not exist in type '{ currencyCode: string | SQL<unknown> | Placeholder<string, any>; salesOrderId: string | SQL<unknown> | Placeholder<string, any>; totalAmount: string | SQL<...> | Placeholder<...>; ... 8 more ...; taxAmount?: string | ... 3 more ... | undefined; }[]'.
test/fixtures/print-gl-accounts.ts(8,29): error TS2339: Property 'select' does not exist on type '{ client: PGlite; db: PgliteDatabase<typeof import("C:/Users/Marcel/volz/modbm/modbm/apps/api/src/drizzle/modbm-core-schema")> & { $client: PGlite; }; }'.
